2026-07-17 15:13:55.610 +00:00 [WRN] Storing keys in a directory '/home/app/.aspnet/DataProtection-Keys' that may not be persisted outside of the container. Protected data will be unavailable when container is destroyed. For more information go to https://aka.ms/aspnet/dataprotectionwarning
2026-07-17 15:13:55.640 +00:00 [INF] User profile is available. Using '/home/app/.aspnet/DataProtection-Keys' as key repository; keys will not be encrypted at rest.
2026-07-17 15:13:55.651 +00:00 [INF] Creating key {623de9d2-d82a-44bb-9486-8604a9c1fe47} with creation date 2026-07-17 15:13:55Z, activation date 2026-07-17 15:13:55Z, and expiration date 2026-10-15 15:13:55Z.
2026-07-17 15:13:55.687 +00:00 [WRN] No XML encryptor configured. Key {623de9d2-d82a-44bb-9486-8604a9c1fe47} may be persisted to storage in unencrypted form.
2026-07-17 15:13:55.691 +00:00 [INF] Writing data to file '/home/app/.aspnet/DataProtection-Keys/key-623de9d2-d82a-44bb-9486-8604a9c1fe47.xml'.
2026-07-17 15:13:55.760 +00:00 [INF] Now listening on: http://[::]:8080
2026-07-17 15:13:55.762 +00:00 [INF] Application started. Press Ctrl+C to shut down.
2026-07-17 15:13:55.763 +00:00 [INF] Hosting environment: Development
2026-07-17 15:13:55.763 +00:00 [INF] Content root path: /app
2026-07-17 15:17:19.621 +00:00 [INF] Application is shutting down...
2026-07-17 15:17:31.626 +00:00 [WRN] Storing keys in a directory '/home/app/.aspnet/DataProtection-Keys' that may not be persisted outside of the container. Protected data will be unavailable when container is destroyed. For more information go to https://aka.ms/aspnet/dataprotectionwarning
2026-07-17 15:17:31.650 +00:00 [INF] User profile is available. Using '/home/app/.aspnet/DataProtection-Keys' as key repository; keys will not be encrypted at rest.
2026-07-17 15:17:31.661 +00:00 [INF] Creating key {7f6a0438-57e4-41e0-b62c-9a75035a728f} with creation date 2026-07-17 15:17:31Z, activation date 2026-07-17 15:17:31Z, and expiration date 2026-10-15 15:17:31Z.
2026-07-17 15:17:31.723 +00:00 [WRN] No XML encryptor configured. Key {7f6a0438-57e4-41e0-b62c-9a75035a728f} may be persisted to storage in unencrypted form.
2026-07-17 15:17:31.726 +00:00 [INF] Writing data to file '/home/app/.aspnet/DataProtection-Keys/key-7f6a0438-57e4-41e0-b62c-9a75035a728f.xml'.
2026-07-17 15:17:31.801 +00:00 [INF] Now listening on: http://[::]:8080
2026-07-17 15:17:31.803 +00:00 [INF] Application started. Press Ctrl+C to shut down.
2026-07-17 15:17:31.803 +00:00 [INF] Hosting environment: Development
2026-07-17 15:17:31.803 +00:00 [INF] Content root path: /app
2026-07-17 15:17:47.113 +00:00 [INF] Application is shutting down...
2026-07-17 15:23:28.693 +00:00 [WRN] Storing keys in a directory '/home/app/.aspnet/DataProtection-Keys' that may not be persisted outside of the container. Protected data will be unavailable when container is destroyed. For more information go to https://aka.ms/aspnet/dataprotectionwarning
2026-07-17 15:23:28.729 +00:00 [INF] User profile is available. Using '/home/app/.aspnet/DataProtection-Keys' as key repository; keys will not be encrypted at rest.
2026-07-17 15:23:28.740 +00:00 [INF] Creating key {d6c0a88a-db45-4011-9047-0bfb45f86e1b} with creation date 2026-07-17 15:23:28Z, activation date 2026-07-17 15:23:28Z, and expiration date 2026-10-15 15:23:28Z.
2026-07-17 15:23:28.771 +00:00 [WRN] No XML encryptor configured. Key {d6c0a88a-db45-4011-9047-0bfb45f86e1b} may be persisted to storage in unencrypted form.
2026-07-17 15:23:28.773 +00:00 [INF] Writing data to file '/home/app/.aspnet/DataProtection-Keys/key-d6c0a88a-db45-4011-9047-0bfb45f86e1b.xml'.
2026-07-17 15:23:28.822 +00:00 [INF] Now listening on: http://[::]:8080
2026-07-17 15:23:28.824 +00:00 [INF] Application started. Press Ctrl+C to shut down.
2026-07-17 15:23:28.824 +00:00 [INF] Hosting environment: Development
2026-07-17 15:23:28.824 +00:00 [INF] Content root path: /app
2026-07-17 15:44:02.671 +00:00 [INF] Application is shutting down...
2026-07-17 18:07:44.976 +00:00 [WRN] Storing keys in a directory '/home/app/.aspnet/DataProtection-Keys' that may not be persisted outside of the container. Protected data will be unavailable when container is destroyed. For more information go to https://aka.ms/aspnet/dataprotectionwarning
2026-07-17 18:07:44.999 +00:00 [INF] User profile is available. Using '/home/app/.aspnet/DataProtection-Keys' as key repository; keys will not be encrypted at rest.
2026-07-17 18:07:45.091 +00:00 [INF] Now listening on: http://[::]:8080
2026-07-17 18:07:45.092 +00:00 [INF] Application started. Press Ctrl+C to shut down.
2026-07-17 18:07:45.093 +00:00 [INF] Hosting environment: Development
2026-07-17 18:07:45.093 +00:00 [INF] Content root path: /app
2026-07-17 18:23:35.562 +00:00 [INF] Application is shutting down...
